// Jest Snapshot v1, https://goo.gl/fbAQLP

exports[`When card element is called expect card to render correctly 1`] = `
<div
  class="relative overflow-hidden bg-white card radius-2xl shadow-One hover-shadow-none"
  data-testid="mainWrapper"
>
  <div
    class="flex justify-between p-[25px] "
    data-testid="childElementWrapper"
  >
    <div>
      <h1>
        Right Side part
      </h1>
    </div>
    <div>
      <h1>
        Left Side part
      </h1>
    </div>
  </div>
</div>
`;
