// Jest Snapshot v1, https://goo.gl/fbAQLP

exports[`renders Buy Ticket Card correctly 1`] = `
<div
  class="relative overflow-hidden bg-white card radius-2xl shadow-Two "
  data-testid="buy-ticket-card"
>
  <div
    class="flex md:flex-row flex-col md:px-10 md:py-6 px-3 py-4 max-w-[38rem]"
  >
    <div
      class="flex flex-[0_0_55%] flex-col md:pb-0 md:pr-[2.5rem] pb-[1.5rem] pr-0"
    >
      <div
        class="flex flex-col"
      >
        <h3
          class=" md:text-3xl text-xl text-primary pb-2 font-semibold md:self-start self-center md:text-left text-center"
        >
          Hurry Up!
        </h3>
        <p
          class="md:text-base text-sm text-black md:item-start item-center md:text-left text-center"
        >
          Book Your Seat & learn From Industry Experts.
        </p>
      </div>
      <div
        class="md:pt-[1.875rem] pt-4 md:flex-none pl-0 flex-[0_0_auto] md:self-start self-center"
      >
        <a
          class="inline-flex"
          href="https://www.google.com"
          target="_self"
        >
          <span
            class="bs-button BlueBgTextWhite hover-BlueVerticalGradientBgTextWhite btn-sm   group relative cursor-pointer overflow-hidden inline-flex gap-[1rem] items-center justify-center capitalize"
            data-testid="redirect-button"
          >
            <span>
              buy ticket
            </span>
            <span
              class="absolute bs-button-bg inset-0"
            />
          </span>
        </a>
      </div>
    </div>
    <span
      class="flex-[0_0_auto] md:w-[1px] w-1/2 max-sm:h-[1px] max-sm:mx-auto bg-[rgba(12,94,232,0.16)]"
    />
    <div
      class="flex-[0_0_40%] md:text-left md:pl-[2.5rem] text-center self-center pl-0"
    >
      <h6
        class="md:text-lg text-sm tracking-[0.5px] md:pt-0 pt-[1.5rem] pb-1 text-blackLight"
      >
        Total Attending
      </h6>
      <div
        class="md:text-5xl text-[3.5rem] leading-[4.2rem] font-bold text-secondary inline-flex items-center"
      >
        3,256
      </div>
    </div>
  </div>
</div>
`;
